// Jest Snapshot v1, https://goo.gl/fbAQLP

exports[`StoryItem Snapshot 1`] = `
<DocumentFragment>
  <ul
    class="css-155za0w"
    role="list"
  >
    <li
      class="css-zazzmu"
    >
      <div
        class="chakra-stack css-1oeb4ru"
      >
        <div
          class="chakra-stack css-yve0xp"
        >
          <svg
            class="chakra-icon chakra-icon css-1bj8ecw"
            focusable="false"
            role="presentation"
            viewBox="0 0 24 24"
          >
            <path
              d="M23.555,8.729a1.505,1.505,0,0,0-1.406-.98H16.062a.5.5,0,0,1-.472-.334L13.405,1.222a1.5,1.5,0,0,0-2.81,0l-.005.016L8.41,7.415a.5.5,0,0,1-.471.334H1.85A1.5,1.5,0,0,0,.887,10.4l5.184,4.3a.5.5,0,0,1,.155.543L4.048,21.774a1.5,1.5,0,0,0,2.31,1.684l5.346-3.92a.5.5,0,0,1,.591,0l5.344,3.919a1.5,1.5,0,0,0,2.312-1.683l-2.178-6.535a.5.5,0,0,1,.155-.543l5.194-4.306A1.5,1.5,0,0,0,23.555,8.729Z"
              fill="currentColor"
            />
          </svg>
          <p
            class="chakra-text css-1wyqvrt"
          >
            4000
          </p>
          <p
            class="chakra-text css-504jus"
          >
            test story
          </p>
        </div>
        <div
          class="chakra-stack css-2nt6bn"
        >
          <label
            class="chakra-checkbox css-1elxtiq"
          >
            <input
              class="chakra-checkbox__input"
              style="border: 0px; clip: rect(0px, 0px, 0px, 0px); height: 1px; width: 1px; margin: -1px; padding: 0px; overflow: hidden; white-space: nowrap; position: absolute;"
              type="checkbox"
              value=""
            />
            <span
              aria-hidden="true"
              class="chakra-checkbox__control css-dnty2r"
            />
          </label>
        </div>
      </div>
    </li>
  </ul>
</DocumentFragment>
`;
