// Jest Snapshot v1, https://goo.gl/fbAQLP

exports[`StoryCard Snapshot 1`] = `
<DocumentFragment>
  <div
    class="css-jrnkpo"
  >
    <ul
      class="css-155za0w"
      role="list"
    >
      <div>
        test story card
      </div>
    </ul>
  </div>
</DocumentFragment>
`;
